Component: ARM Compiler 5.06 update 6 (build 750) Tool: armlink [4d35ed]

==============================================================================

Section Cross References

    startup.o(RESET) refers to prac5.o(codigo) for inicio
    startup.o(.text) refers to startup.o(HEAP) for Heap_Mem
    startup.o(.text) refers to startup.o(STACK) for Stack_Mem
    rand.o(codigo) refers to rand.o(datos) for rand_x
    prac5.o(codigo) refers to rand.o(codigo) for srand
    prac5.o(codigo) refers to prac5.o(datos) for timer_so


==============================================================================

Removing Unused input sections from the image.

    Removing startup.o(STACK), (2048 bytes).
    Removing startup.o(HEAP), (0 bytes).
    Removing startup.o(.text), (28 bytes).

3 unused section(s) (total 2076 bytes) removed from the image.

==============================================================================

Image Symbol Table

    Local Symbols

    Symbol Name                              Value     Ov Type        Size  Object(Section)

    RESET                                    0x00000000   Section      708  startup.o(RESET)
    Startup.s                                0x00000000   Number         0  startup.o ABSOLUTE
    prac5.s                                  0x00000000   Number         0  prac5.o ABSOLUTE
    rand.s                                   0x00000000   Number         0  rand.o ABSOLUTE
    RSE_Undef                                0x00000040   ARM Code       4  startup.o(RESET)
    RSE_PAbt                                 0x00000044   ARM Code       4  startup.o(RESET)
    RSE_DAbt                                 0x00000048   ARM Code       4  startup.o(RESET)
    RSE_IRQ                                  0x0000004c   ARM Code       4  startup.o(RESET)
    RSE_FIQ                                  0x00000050   ARM Code       4  startup.o(RESET)
    RSE_Reset                                0x00000054   ARM Code       0  startup.o(RESET)
    chanel2irq                               0x00000168   Data          16  startup.o(RESET)
    SO_T                                     0x00000178   Data           4  startup.o(RESET)
    SO_E1                                    0x0000017c   Data          29  startup.o(RESET)
    SO_N                                     0x00000199   Data          48  startup.o(RESET)
    SO_E2                                    0x000001c9   Data          15  startup.o(RESET)
    RSE_SWI                                  0x000001d8   ARM Code       0  startup.o(RESET)
    SO4                                      0x0000023c   ARM Code       0  startup.o(RESET)
    codigo                                   0x40000000   Section      100  rand.o(codigo)
    codigo                                   0x40000064   Section     2332  prac5.o(codigo)
    RSI_reloj                                0x40000774   ARM Code       0  prac5.o(codigo)
    RSI_teclado                              0x400007d4   ARM Code       0  prac5.o(codigo)
    datos                                    0x40000980   Section       12  rand.o(datos)
    rand_x                                   0x40000980   Data           4  rand.o(datos)
    rand_a                                   0x40000984   Data           4  rand.o(datos)
    rand_c                                   0x40000988   Data           4  rand.o(datos)
    datos                                    0x4000098c   Section      202  prac5.o(datos)
    timer_so                                 0x4000098c   Data           4  prac5.o(datos)
    tecl_so                                  0x40000994   Data           4  prac5.o(datos)
    dirVidas                                 0x40000998   Data           4  prac5.o(datos)
    dirPuntos                                0x4000099c   Data           4  prac5.o(datos)
    dir_coche                                0x400009a0   Data           4  prac5.o(datos)
    velo                                     0x400009a4   Data           4  prac5.o(datos)
    vidas                                    0x400009a8   Data           4  prac5.o(datos)
    puntosDec                                0x400009ac   Data           4  prac5.o(datos)
    puntosUni                                0x400009b0   Data           4  prac5.o(datos)
    tmoneda                                  0x400009b4   Data           4  prac5.o(datos)
    reloj                                    0x400009b8   Data           4  prac5.o(datos)
    max                                      0x400009bc   Data           4  prac5.o(datos)
    dirx                                     0x400009c4   Data           4  prac5.o(datos)
    diry                                     0x400009c8   Data           4  prac5.o(datos)
    fin                                      0x400009cc   Data           1  prac5.o(datos)
    pulsado                                  0x400009cd   Data           1  prac5.o(datos)
    vecRoad                                  0x400009ce   Data          15  prac5.o(datos)
    vecCoin                                  0x400009dd   Data          15  prac5.o(datos)
    finGanar                                 0x400009ec   Data           1  prac5.o(datos)
    marcador                                 0x400009ed   Data          27  prac5.o(datos)
    fraseini                                 0x40000a08   Data          28  prac5.o(datos)
    frasefin                                 0x40000a24   Data          25  prac5.o(datos)
    fraseganar                               0x40000a3d   Data          25  prac5.o(datos)

    Global Symbols

    Symbol Name                              Value     Ov Type        Size  Object(Section)

    BuildAttributes$$THM_ISAv1$ARM_ISAv4$S$PE$A:L22$X:L11$S22$IEEE1$IW$USESV6$~STKCKD$USESV7$~SHL$OSPACE$EBA8$STANDARDLIB$EABIv2 0x00000000   Number         0  anon$$obj.o ABSOLUTE
    srand                                    0x40000000   ARM Code       4  rand.o(codigo)
    rand                                     0x4000001c   ARM Code       4  rand.o(codigo)
    inicio                                   0x40000064   ARM Code       0  prac5.o(codigo)



==============================================================================

Memory Map of the image

  Image Entry point : 0x00000000

  Load Region LR_IROM1 (Base: 0x00000000, Size: 0x000002c4, Max: 0x00020000, ABSOLUTE)

    Execution Region ER_IROM1 (Exec base: 0x00000000, Load base: 0x00000000, Size: 0x000002c4, Max: 0xffffffff, ABSOLUTE)

    Exec Addr    Load Addr    Size         Type   Attr      Idx    E Section Name        Object

    0x00000000   0x00000000   0x000002c4   Code   RO            3  * RESET               startup.o



  Load Region LR_IRAM1 (Base: 0x40000000, Size: 0x00000a58, Max: 0x00008000, ABSOLUTE)

    Execution Region ER_IRAM1 (Exec base: 0x40000000, Load base: 0x40000000, Size: 0x00000a58, Max: 0xffffffff, ABSOLUTE)

    Exec Addr    Load Addr    Size         Type   Attr      Idx    E Section Name        Object

    0x40000000   0x40000000   0x00000064   Code   RO           12    codigo              rand.o
    0x40000064   0x40000064   0x0000091c   Code   RO           16    codigo              prac5.o
    0x40000980   0x40000980   0x0000000c   Data   RW           11    datos               rand.o
    0x4000098c   0x4000098c   0x000000ca   Data   RW           15    datos               prac5.o


==============================================================================

Image component sizes


      Code (inc. data)   RO Data    RW Data    ZI Data      Debug   Object Name

      2332        152          0        202          0        776   prac5.o
       100         12          0         12          0        232   rand.o
       708        224          0          0          0        408   startup.o

    ----------------------------------------------------------------------
      3140        388          0        216          0       1416   Object Totals
         0          0          0          0          0          0   (incl. Generated)
         0          0          0          2          0          0   (incl. Padding)

    ----------------------------------------------------------------------
         0          0          0          0          0          0   Library Totals
         0          0          0          0          0          0   (incl. Padding)

    ----------------------------------------------------------------------

==============================================================================


      Code (inc. data)   RO Data    RW Data    ZI Data      Debug   

      3140        388          0        216          0       1416   Grand Totals
      3140        388          0        216          0       1416   ELF Image Totals
      3140        388          0        216          0          0   ROM Totals

==============================================================================

    Total RO  Size (Code + RO Data)                 3140 (   3.07kB)
    Total RW  Size (RW Data + ZI Data)               216 (   0.21kB)
    Total ROM Size (Code + RO Data + RW Data)       3356 (   3.28kB)

==============================================================================

